models/dialog.gram
models/hmm/en_US/feat.params
models/hmm/en_US/mdef
models/hmm/en_US/means
models/hmm/en_US/noisedict
models/hmm/en_US/sendump
models/hmm/en_US/transition_matrices
models/hmm/en_US/variances
models/hmm/en-us-semi/README
models/hmm/en-us-semi/feat.params
models/hmm/en-us-semi/mdef
models/hmm/en-us-semi/means
models/hmm/en-us-semi/noisedict
models/hmm/en-us-semi/sendump
models/hmm/en-us-semi/transition_matrices
models/hmm/en-us-semi/variances
models/lm/cmu07a.dic
models/lm/weather.dmp
models/lm/hub4.5000.dic
models/lm/hub4.5000.DMP
models/AASR.idngram
models/hmm/ar/mdef
models/hmm/ar/means
models/hmm/ar/transition_matrices
models/hmm/ar/variances
models/hmm/ar/mixture_weights
models/lm/AASR.lm.DMP
models/hmm/hub4wsj_sc_8k/feat.params
models/hmm/hub4wsj_sc_8k/mdef
models/hmm/hub4wsj_sc_8k/means
models/hmm/hub4wsj_sc_8k/mixture_weights
models/hmm/hub4wsj_sc_8k/noisedict
models/hmm/hub4wsj_sc_8k/sendump
models/hmm/hub4wsj_sc_8k/transition_matrices
models/hmm/hub4wsj_sc_8k/variances
